
extern some_function : int -> (int -> int) -> int
