
extern something : int
extern some_function : int -> (int -> int) -> int
