
val x = ""
val x = "abc"
val x = "**"
val x = "{-"
val x = "-}"
val x = "a'a"
