
fun f (x) = x ? { | ((A | B) & y & (B | C) & _) => y }
