none : option(int)
some : int -> option(int)
unSome : option(int) * int -> int
