id : 'a -> 'a
twice : (int -> int) -> (int -> int)
zero : int
