
val x = 'a'
val x = 'A'
val x = '*'
val x = '@'
val x = '\\'
val x = '\''
val x = '\n'
val x = '\t'
val x = '\b'
val x = '\r'
val x = '\000'
val x = '\001'
val x = '\255'
val x = '\255'
val x = '\171'
val x = '\018'
val x = '\204'
val x = '\204'
