
val x = `* (x, x ? { | _ => 3 })
val x = x := a ? { | _ => 3 }
