
val x = 0
val x = 1234567890
val x = 233495534
val x = 233495534
val x = 305419896
val x = -559038737
val x = 42
val x = 42
