5!
27!
73!
167!
357!
739!
1505!
3039!
6109!
12251!
