apply : ('a -> 'b) * 'a -> 'b
succ : int -> int
one : int
